src/pages/CreateApplication.tsx(27,39): error TS2304: Cannot find name 'setSidebarOpen'.
src/pages/CreateApplication.tsx(27,55): error TS2304: Cannot find name 'sidebarOpen'.
src/pages/Index.tsx(11,11): error TS2339: Property 'profile' does not exist on type 'AuthContextType'.
src/tests/ApplicationForm.properties.test.ts(47,29): error TS2322: Type '{ revenue: string; }' is not assignable to type 'BalanceSheetData | ProfitLossData | BankStatementData | GSTReturnsData | CIBILReportData | ITRDocumentData'.
  Type '{ revenue: string; }' is missing the following properties from type 'ProfitLossData': costOfGoods, grossProfit, operatingExpenses, ebitda, and 3 more.
src/tests/ApplicationForm.properties.test.ts(74,29): error TS2322: Type '{ monthlyTurnover: string; }' is not assignable to type 'BalanceSheetData | ProfitLossData | BankStatementData | GSTReturnsData | CIBILReportData | ITRDocumentData'.
  Type '{ monthlyTurnover: string; }' is missing the following properties from type 'GSTReturnsData': gstPaid, inputCredit, filingRegularity, gstNumber, reportPeriod
src/tests/ApplicationForm.properties.test.ts(98,21): error TS2322: Type '{ revenue: string; }' is not assignable to type 'BalanceSheetData | ProfitLossData | BankStatementData | GSTReturnsData | CIBILReportData | ITRDocumentData'.
  Type '{ revenue: string; }' is missing the following properties from type 'ProfitLossData': costOfGoods, grossProfit, operatingExpenses, ebitda, and 3 more.
src/tests/ApplicationForm.properties.test.ts(112,21): error TS2322: Type '{ monthlyTurnover: string; }' is not assignable to type 'BalanceSheetData | ProfitLossData | BankStatementData | GSTReturnsData | CIBILReportData | ITRDocumentData'.
  Type '{ monthlyTurnover: string; }' is missing the following properties from type 'GSTReturnsData': gstPaid, inputCredit, filingRegularity, gstNumber, reportPeriod
src/tests/EligibilityCalculator.properties.test.ts(53,13): error TS2322: Type '{ currentAssets: string; currentLiabilities: string; totalAssets: string; totalLiabilities: string; netWorth: string; workingCapital: string; reportDate: string; }' is not assignable to type 'BalanceSheetData | ProfitLossData | BankStatementData | GSTReturnsData | CIBILReportData | ITRDocumentData'.
  Type '{ currentAssets: string; currentLiabilities: string; totalAssets: string; totalLiabilities: string; netWorth: string; workingCapital: string; reportDate: string; }' is missing the following properties from type 'BalanceSheetData': fixedAssets, longTermDebt, fiscalYear
src/tests/EligibilityCalculator.properties.test.ts(84,13): error TS2322: Type '{ revenue: string; costOfGoods: string; grossProfit: string; operatingExpenses: string; ebitda: string; netProfit: string; profitMargin: string; reportPeriod: string; }' is not assignable to type 'BalanceSheetData | ProfitLossData | BankStatementData | GSTReturnsData | CIBILReportData | ITRDocumentData'.
  Property 'fiscalYear' is missing in type '{ revenue: string; costOfGoods: string; grossProfit: string; operatingExpenses: string; ebitda: string; netProfit: string; profitMargin: string; reportPeriod: string; }' but required in type 'ProfitLossData'.
src/tests/EligibilityCalculator.properties.test.ts(145,13): error TS2322: Type '{ averageMonthlyBalance: string; cashFlowPattern: "positive"; chequeBounces: number; loanEMIs: string; statementPeriod: string; }' is not assignable to type 'BalanceSheetData | ProfitLossData | BankStatementData | GSTReturnsData | CIBILReportData | ITRDocumentData'.
  Type '{ averageMonthlyBalance: string; cashFlowPattern: "positive"; chequeBounces: number; loanEMIs: string; statementPeriod: string; }' is missing the following properties from type 'BankStatementData': totalCredits, totalDebits, accountNumber
src/tests/EligibilityCalculator.properties.test.ts(177,45): error TS2345: Argument of type '{ annualRevenue: number; monthlyIncome: number; existingLoanAmount: number; loanAmount: number; loanTerm: number; creditScore: number; businessType: string; extractedDocuments: undefined[]; }' is not assignable to parameter of type 'EligibilityInput'.
  Property 'loanType' is missing in type '{ annualRevenue: number; monthlyIncome: number; existingLoanAmount: number; loanAmount: number; loanTerm: number; creditScore: number; businessType: string; extractedDocuments: undefined[]; }' but required in type 'EligibilityInput'.
src/tests/EligibilityCalculator.properties.test.ts(196,45): error TS2345: Argument of type '{ annualRevenue: number; monthlyIncome: number; existingLoanAmount: number; loanAmount: number; loanTerm: number; creditScore: number; businessType: string; }' is not assignable to parameter of type 'EligibilityInput'.
  Property 'loanType' is missing in type '{ annualRevenue: number; monthlyIncome: number; existingLoanAmount: number; loanAmount: number; loanTerm: number; creditScore: number; businessType: string; }' but required in type 'EligibilityInput'.
src/tests/EligibilityCalculator.properties.test.ts(211,45): error TS2345: Argument of type '{ annualRevenue: number; monthlyIncome: number; existingLoanAmount: number; loanAmount: number; loanTerm: number; creditScore: number; businessType: string; }' is not assignable to parameter of type 'EligibilityInput'.
  Property 'loanType' is missing in type '{ annualRevenue: number; monthlyIncome: number; existingLoanAmount: number; loanAmount: number; loanTerm: number; creditScore: number; businessType: string; }' but required in type 'EligibilityInput'.
